
Using test configuration.
Level-0 max cpu time: 3
Level-1 max cpu time: 5
Level-1 queue max iterations: 3
Reading jobs from test-input.txt
1, 20
3, 6
8, 2
10, 9
12, 1
15, 5
16, 4
Finished loading job queue
No jobs being processed currently...
    pid arrive  service    cpu  status
   7609      1       20      0  RUNNING
[31m[43m   7609; START[30m[0m
[31m[43m   7609; tick 1[30m[0m
[31m[43m   7609; tick 2[30m[0m
[31m[43m   7609; tick 3[30m[0m
[31m[43m   7609; tick 4[30m[0m
[31m[43m   7609; SIGTSTP[30m[0m
[*] L0::7609 [5] rolling over to L1 
    pid arrive  service    cpu  status
   7616      3        6      0  RUNNING
[30m[47m   7616; START[30m[0m
[30m[47m   7616; tick 1[30m[0m
[30m[47m   7616; tick 2[30m[0m
[30m[47m   7616; tick 3[30m[0m
[30m[47m   7616; tick 4[30m[0m
[30m[47m   7616; SIGTSTP[30m[0m
[*] L0::7616 [9] rolling over to L1 
    pid arrive  service    cpu  status
   7619      8        2      0  RUNNING
[34m[43m   7619; START[30m[0m
[34m[43m   7619; tick 1[30m[0m
[34m[43m   7619; tick 2[30m[0m
[34m[43m   7619; tick 3[30m[0m
[34m[43m   7619; SIGINT[30m[0m
[*] L0::7619 [12] Completed. A:8 S:2 T:4, W:2
    pid arrive  service    cpu  status
   7623     10        9      0  RUNNING
[33m[45m   7623; START[30m[0m
[33m[45m   7623; tick 1[30m[0m
[33m[45m   7623; tick 2[30m[0m
[33m[45m   7623; tick 3[30m[0m
[33m[45m   7623; tick 4[30m[0m
[33m[45m   7623; SIGTSTP[30m[0m
[*] L0::7623 [16] rolling over to L1 
    pid arrive  service    cpu  status
   7626     12        1      0  RUNNING
[34m[46m   7626; START[30m[0m
[34m[46m   7626; tick 1[30m[0m
[34m[46m   7626; tick 2[30m[0m
[34m[46m   7626; SIGINT[30m[0m
[*] L0::7626 [18] Completed. A:12 S:1 T:6, W:5
    pid arrive  service    cpu  status
   7629     15        5      0  RUNNING
[32m[41m   7629; START[30m[0m
[32m[41m   7629; tick 1[30m[0m
[32m[41m   7629; tick 2[30m[0m
[32m[41m   7629; tick 3[30m[0m
[32m[41m   7629; tick 4[30m[0m
[32m[41m   7629; SIGTSTP[30m[0m
[*] L0::7629 [22] rolling over to L1 
    pid arrive  service    cpu  status
   7632     16        4      0  RUNNING
[37m[40m   7632; START[30m[0m
[37m[40m   7632; tick 1[30m[0m
[37m[40m   7632; tick 2[30m[0m
[37m[40m   7632; tick 3[30m[0m
[37m[40m   7632; tick 4[30m[0m
[37m[40m   7632; SIGTSTP[30m[0m
[*] L0::7632 [26] rolling over to L1 
    pid arrive  service    cpu  status
   7609      1       20      3  RUNNING
[31m[43m   7609; SIGCONT[30m[0m
[31m[43m   7609; tick 5[30m[0m
[31m[43m   7609; tick 6[30m[0m
[31m[43m   7609; tick 7[30m[0m
[31m[43m   7609; SIGTSTP[30m[0m
[*] L1::7609 [29] iteration (1) finished
    pid arrive  service    cpu  status
   7616      3        6      3  RUNNING
[30m[47m   7616; SIGCONT[30m[0m
[30m[47m   7616; tick 5[30m[0m
[30m[47m   7616; tick 6[30m[0m
[30m[47m   7616; tick 7[30m[0m
[30m[47m   7616; SIGTSTP[30m[0m
[*] L1::7616 [32] iteration (1) finished
    pid arrive  service    cpu  status
   7623     10        9      3  RUNNING
[33m[45m   7623; SIGCONT[30m[0m
[33m[45m   7623; tick 5[30m[0m
[33m[45m   7623; tick 6[30m[0m
[33m[45m   7623; tick 7[30m[0m
[33m[45m   7623; SIGTSTP[30m[0m
[*] L1::7623 [35] iteration (1) finished
    pid arrive  service    cpu  status
   7629     15        5      3  RUNNING
[32m[41m   7629; SIGCONT[30m[0m
[32m[41m   7629; tick 5[30m[0m
[32m[41m   7629; tick 6[30m[0m
[32m[41m   7629; tick 7[30m[0m
[32m[41m   7629; SIGINT[30m[0m
[*] L1::7629 [38] Completed. A:15 S:5 T:23, W:18
    pid arrive  service    cpu  status
   7632     16        4      3  RUNNING
[37m[40m   7632; SIGCONT[30m[0m
[37m[40m   7632; tick 5[30m[0m
[37m[40m   7632; tick 6[30m[0m
[37m[40m   7632; SIGINT[30m[0m
[*] L1::7632 [40] Completed. A:16 S:4 T:24, W:20
    pid arrive  service    cpu  status
   7609      1       20      5  RUNNING
[31m[43m   7609; SIGCONT[30m[0m
[31m[43m   7609; tick 8[30m[0m
[31m[43m   7609; tick 9[30m[0m
[31m[43m   7609; tick 10[30m[0m
[31m[43m   7609; tick 11[30m[0m
[31m[43m   7609; tick 12[30m[0m
[31m[43m   7609; tick 13[30m[0m
[31m[43m   7609; SIGTSTP[30m[0m
[*] L1::7609 [46] iteration (2) finished
    pid arrive  service    cpu  status
   7616      3        6      5  RUNNING
[30m[47m   7616; SIGCONT[30m[0m
[30m[47m   7616; tick 8[30m[0m
[30m[47m   7616; tick 9[30m[0m
[30m[47m   7616; SIGINT[30m[0m
[*] L1::7616 [48] Completed. A:3 S:6 T:45, W:39
    pid arrive  service    cpu  status
   7623     10        9      5  RUNNING
[33m[45m   7623; SIGCONT[30m[0m
[33m[45m   7623; tick 8[30m[0m
[33m[45m   7623; tick 9[30m[0m
[33m[45m   7623; tick 10[30m[0m
[33m[45m   7623; tick 11[30m[0m
[33m[45m   7623; tick 12[30m[0m
[33m[45m   7623; SIGINT[30m[0m
[*] L1::7623 [53] Completed. A:10 S:9 T:43, W:34
    pid arrive  service    cpu  status
   7609      1       20     10  RUNNING
[31m[43m   7609; SIGCONT[30m[0m
[31m[43m   7609; tick 14[30m[0m
[31m[43m   7609; tick 15[30m[0m
[31m[43m   7609; tick 16[30m[0m
[31m[43m   7609; tick 17[30m[0m
[31m[43m   7609; tick 18[30m[0m
[31m[43m   7609; tick 19[30m[0m
[31m[43m   7609; SIGTSTP[30m[0m
[*] L1::7609 [59] iteration (3) finished
    pid arrive  service    cpu  status
   7609      1       20     15  RUNNING
[31m[43m   7609; SIGCONT[30m[0m
[31m[43m   7609; tick 20[30m[0m
[31m[43m   7609; SIGTSTP[30m[0m
[*] L1::7609 [60] rolling over to L2 
    pid arrive  service    cpu  status
   7609      1       20     15  RUNNING
[31m[43m   7609; SIGCONT[30m[0m
[31m[43m   7609; tick 21[30m[0m
[31m[43m   7609; tick 22[30m[0m
[31m[43m   7609; tick 23[30m[0m
[31m[43m   7609; tick 24[30m[0m
[31m[43m   7609; tick 25[30m[0m
[31m[43m   7609; tick 26[30m[0m
[31m[43m   7609; SIGINT[30m[0m
[*] L2::7609 [66] Completed. A:1 S:20 T:65, W:45
No jobs being processed currently...
average turnaround time = 30.000000
average wait time = 23.285714
